// Jest Snapshot v1, https://goo.gl/fbAQLP

exports[`matches snapshot 1`] = `
<DocumentFragment>
  <div
    class="container"
  >
    <form
      class=""
    >
      <div
        class="row-cols-lg-auto g-3 row"
      >
        <div
          class="col-md-6 col-lg-8"
        >
          <input
            class="mb-3 form-control-lg form-control"
            id="term"
            name="term"
            placeholder="Enter search term..."
            type="text"
          />
        </div>
        <div
          class="col"
        >
          <button
            class="btn btn-secondary btn-lg"
            type="submit"
          >
            Submit
          </button>
        </div>
      </div>
    </form>
  </div>
</DocumentFragment>
`;
