// Jest Snapshot v1, https://goo.gl/fbAQLP

exports[`matches snapshot 1`] = `
<DocumentFragment>
  <div
    class="container col-md-6 offset-md-3 col-lg-4 offset-lg-4"
  >
    <h2
      class="mb-3"
    >
      Profile
    </h2>
    <div
      class="card"
    >
      <div
        class="card-body"
      >
        <form
          class=""
        >
          <div
            class="mb-3"
          >
            <label
              class="mt-3 form-label"
              for="username"
            >
              Username
            </label>
            <input
              class="form-control"
              disabled=""
              id="username"
              name="username"
              type="text"
              value=""
            />
            <label
              class="mt-3 form-label"
              for="firstName"
            >
              First name
            </label>
            <input
              class="form-control"
              id="firstName"
              name="firstName"
              type="text"
              value=""
            />
            <label
              class="mt-3 form-label"
              for="lastName"
            >
              Last name
            </label>
            <input
              class="form-control"
              id="lastName"
              name="lastName"
              type="text"
              value=""
            />
            <label
              class="mt-3 form-label"
              for="email"
            >
              Email
            </label>
            <input
              class="form-control"
              id="email"
              name="email"
              type="email"
              value=""
            />
          </div>
          <button
            class="btn btn-secondary"
            type="submit"
          >
            Save
          </button>
        </form>
      </div>
    </div>
  </div>
</DocumentFragment>
`;
