// Jest Snapshot v1, https://goo.gl/fbAQLP

exports[`matches snapshot 1`] = `
<DocumentFragment>
  <div
    class="my-3 position-relative card card-body"
    style="width: 100%;"
  >
    <h5
      class="card-title"
    />
    <ul
      class="list-unstyled"
    >
      <li>
        salary: 
      </li>
      <li>
        equity: 
      </li>
    </ul>
  </div>
</DocumentFragment>
`;
